[backblue.gif]
[fade.gif]
[index.html]
[cdnjs.cloudflare.com/ajax/libs/font-awesome/6.0.0/css/all.min.css]
[cdnjs.cloudflare.com/ajax/libs/mdb-ui-kit/6.2.0/mdb.min.css]
[artqtion.com/image/assets/logo_navbar.png]
[artqtion.com/image/assets/header_title.png]
[artqtion.com/image/assets/osis.png]
[artqtion.com/image/assets/logo_about.png]
[artqtion.com/image/assets/sitv.png]
[artqtion.com/image/assets/aef.png]
[artqtion.com/image/assets/logo_past.png]
[artqtion.com/image/assets/gallery_back.png]
[artqtion.com/image/assets/alfy.png]
[artqtion.com/image/assets/rs.png]
[artqtion.com/image/assets/sitvv.png]
[artqtion.com/image/assets/logo-footer.png]
[cdnjs.cloudflare.com/ajax/libs/mdb-ui-kit/6.2.0/mdb.min.js]
[artqtion.com/js/script.js]
[artqtion.com/index.html]
[cdnjs.cloudflare.com/ajax/libs/font-awesome/6.0.0/css/all.min.css]
[mdbootstrap.com/img/svg/flags.png]
[cdnjs.cloudflare.com/ajax/libs/mdb-ui-kit/6.2.0/mdb.min.css]
[artqtion.com/image/assets/shadowbg.png]
[artqtion.com/image/assets/header_back.png]
[artqtion.com/image/assets/aboutshadow.png]
[artqtion.com/image/assets/artq_past.png]
[artqtion.com/image/assets/past-foot.jpg]
[artqtion.com/image/assets/compe_text.png]
[artqtion.com/css/style.css]
[artqtion.com/font/pilotcommand1_2.ttf]
[artqtion.com/font/font.css]
[artqtion.com/image/assets/P1150167.html]
[artqtion.com/image/assets/pexels-frank-cone-3279307.html]
